
> little-lemon-capstone@0.1.0 test
> react-scripts test

node.exe : PASS src/components/sections/Footer.test.js
At C:\Program Files\nodejs\npm.ps1:29 char:3
+   & $NODE_EXE $NPM_CLI_JS $args
+   ~~~~~~~~~~~~~~~~~~~~~~~~~~~~~
    + CategoryInfo          : NotSpecified: (PASS src/compon.../Footer.test 
   .js:String) [], RemoteException
    + FullyQualifiedErrorId : NativeCommandError
 
PASS src/components/sections/Highlights.test.js
PASS src/components/cards/SpecialCard.test.js
PASS src/components/cards/TestimonialCard.test.js
PASS src/components/sections/HeroSection.test.js
PASS src/components/sections/BookingSection.test.js
PASS src/components/sections/NavigationBar.test.js
PASS src/components/sections/Testimonials.test.js
FAIL src/App.test.js
  ÔùÅ Test suite failed to run

    Your test suite must contain at least one test.

      at onResult (node_modules/@jest/core/build/TestScheduler.js:175:18)
      at node_modules/@jest/core/build/TestScheduler.js:316:17
      at node_modules/emittery/index.js:260:13
          at Array.map (<anonymous>)
      at Emittery.emit (node_modules/emittery/index.js:258:23)

PASS src/components/sections/About.test.js

Test Suites: 1 failed, 9 passed, 10 total
Tests:       20 passed, 20 total
Snapshots:   0 total
Time:        2.496 s
Ran all test suites related to changed files.


